------------------------------------------------------------
TimeQuest Timing Analyzer Summary
------------------------------------------------------------

Type  : Slow 1100mV 85C Model Setup 'i_clk'
Slack : -12.433
TNS   : -10831.888

Type  : Slow 1100mV 85C Model Hold 'i_clk'
Slack : 0.547
TNS   : 0.000

Type  : Slow 1100mV 85C Model Minimum Pulse Width 'i_clk'
Slack : -0.724
TNS   : -1174.634

Type  : Slow 1100mV 0C Model Setup 'i_clk'
Slack : -12.755
TNS   : -10778.571

Type  : Slow 1100mV 0C Model Hold 'i_clk'
Slack : 0.592
TNS   : 0.000

Type  : Slow 1100mV 0C Model Minimum Pulse Width 'i_clk'
Slack : -0.724
TNS   : -1173.179

Type  : Fast 1100mV 85C Model Setup 'i_clk'
Slack : -5.033
TNS   : -4471.418

Type  : Fast 1100mV 85C Model Hold 'i_clk'
Slack : 0.181
TNS   : 0.000

Type  : Fast 1100mV 85C Model Minimum Pulse Width 'i_clk'
Slack : -0.092
TNS   : -89.165

Type  : Fast 1100mV 0C Model Setup 'i_clk'
Slack : -4.373
TNS   : -3917.428

Type  : Fast 1100mV 0C Model Hold 'i_clk'
Slack : 0.174
TNS   : 0.000

Type  : Fast 1100mV 0C Model Minimum Pulse Width 'i_clk'
Slack : -0.091
TNS   : -89.550

------------------------------------------------------------
